avast-supervisor -> started
/malware/tests/not.malware	[OK]
